                                                                        
  Fix the failing test                                                  
                                                                        
                                                                        
  The test expects a trimmed name.                                      
                                                                        
  bash  go test ./... (120s)                                            
  edit  name.go:12                                                      
                                                                        
  Fixed                                                                 
                                                                        
  The name is trimmed now, see name.go.                                 
  8. tests pass                                                         
  9. docs (https://go.dev)                                              
                                                                        
  │ file    │ change │                                                  
  ├─────────┼────────┤                                                  
  │ name.go │ trim   │                                                  
                                                                        
  Ctrl+O to hide tool calls                                             
                                                                        
                                                                        
                                                                        
────────────────────────────────────────────────────────────────────────
❯ Message...                                                            
────────────────────────────────────────────────────────────────────────
 golden                                                    gpt-x / high 
 /work/jin                                              ↑0  ↓0  ◫ 0  $— 

-- foreground --
oooooooooooooooooooooooooooooooooooooooooooooooooooooooooooooooooooooooo
oooooooooooooooooooooooooooooooooooooooooooooooooooooooooooooooooooooooo
oooooooooooooooooooooooooooooooooooooooooooooooooooooooooooooooooooooooo
oooooooooooooooooooooooooooooooooooooooooooooooooooooooooooooooooooooooo
ooiiiiiiiiiiiiiiiiiiiiiiiiiiiiiiiioooooooooooooooooooooooooooooooooooooo
oooooooooooooooooooooooooooooooooooooooooooooooooooooooooooooooooooooooo
ooGGGGaaaaaaaaaaaaaaadddddddoooooooooooooooooooooooooooooooooooooooooooo
ooPPPPaaaaaaaaaaaaoooooooooooooooooooooooooooooooooooooooooooooooooooooo
oooooooooooooooooooooooooooooooooooooooooooooooooooooooooooooooooooooooo
........................................................................
oooooooooooooooooooooooooooooooooooooooooooooooooooooooooooooooooooooooo
oottttttttttttAAAAAAAttttttttttTTTTTTTtooooooooooooooooooooooooooooooooo
ootttttttttttttooooooooooooooooooooooooooooooooooooooooooooooooooooooooo
ootttBBBBiiiiiiiiiiiiiiiiioooooooooooooooooooooooooooooooooooooooooooooo
oooooooooooooooooooooooooooooooooooooooooooooooooooooooooooooooooooooooo
oobbBBBBooobbbBBBBBBbboooooooooooooooooooooooooooooooooooooooooooooooooo
oobbbbbbbbbbbbbbbbbbbboooooooooooooooooooooooooooooooooooooooooooooooooo
oobbtttttttbbbttttoobboooooooooooooooooooooooooooooooooooooooooooooooooo
oooooooooooooooooooooooooooooooooooooooooooooooooooooooooooooooooooooooo
ooiiiiiiiiiiiiiiiiiiiiiiiiiooooooooooooooooooooooooooooooooooooooooooooo
oooooooooooooooooooooooooooooooooooooooooooooooooooooooooooooooooooooooo
oooooooooooooooooooooooooooooooooooooooooooooooooooooooooooooooooooooooo
oooooooooooooooooooooooooooooooooooooooooooooooooooooooooooooooooooooooo
bbbbbbbbbbbbbbbbbbbbbbbbbbbbbbbbbbbbbbbbbbbbbbbbbbbbbbbbbbbbbbbbbbbbbbbb
BBiiiiiiiiiioooooooooooooooooooooooooooooooooooooooooooooooooooooooooooo
bbbbbbbbbbbbbbbbbbbbbbbbbbbbbbbbbbbbbbbbbbbbbbbbbbbbbbbbbbbbbbbbbbbbbbbb
oWWWWWWooooooooooooooooooooooooooooooooooooooooooooooooooooWWWWWWWWWWWWo
oooooooooooooooooooooooooooooooooooooooooooooooooooooooooooooooooooooooo

-- background --
rrrrrrrrrrrrrrrrrrrrrrrrrrrrrrrrrrrrrrrrrrrrrrrrrrrrrrrrrrrrrrrrrrrrrrrr
rrrrrrrrrrrrrrrrrrrrrrrrrrrrrrrrrrrrrrrrrrrrrrrrrrrrrrrrrrrrrrrrrrrrrrrr
rrrrrrrrrrrrrrrrrrrrrrrrrrrrrrrrrrrrrrrrrrrrrrrrrrrrrrrrrrrrrrrrrrrrrrrr
........................................................................
........................................................................
........................................................................
????????????????????????????????????????????????????????????????????????
????????????????????????????????????????????????????????????????????????
........................................................................
TTTTTTTTTTTTTTTTTTTTTTTTTTTTTTTTTTTTTTTTTTTTTTTTTTTTTTTTTTTTTTTTTTTTTTTT
........................................................................
...............................rrrrrrr..................................
........................................................................
........................................................................
........................................................................
........................................................................
........................................................................
........................................................................
........................................................................
........................................................................
........................................................................
........................................................................
........................................................................
........................................................................
........................................................................
........................................................................
SSSSSSSSSSSSSSSSSSSSSSSSSSSSSSSSSSSSSSSSSSSSSSSSSSSSSSSSSSSSSSSSSSSSSSSS
SSSSSSSSSSSSSSSSSSSSSSSSSSSSSSSSSSSSSSSSSSSSSSSSSSSSSSSSSSSSSSSSSSSSSSSS

-- palette --
. #2e3440
A #ebcb8b
B #88c0d0
G #a3be8c
K #d08770
P #b48ead
R #bf616a
S #5e81ac
T #8fbcbb
W #ffffff
a #7b88a1
b #434c5e
d #616e88
f #394047
i #677691
k #3f4247
m #c5ccd8
n #3d3b44
o #eceff4
p #36414d
q #37404b
r #3b4252
s #3a3c4a
t #d8dee9
