  Fix the failing test                                                  
                                                                        
  The test expects a trimmed name.                                      
                                                                        
  bash  go test ./... (120s)                                            
  edit  name.go:12                                                      
                                                                        
  Fixed                                                                 
                                                                        
  The name is trimmed now, see name.go.                                 
  8. tests pass                                                         
  9. docs (https://go.dev)                                              
                                                                        
  │ file    │ change │                                                  
  ├─────────┼────────┤                                                  
  │ name.go │ trim   │                                                  
                                                                        
  Ctrl+O to hide tool calls                                             
                                                                        
                                                                        
                                                                        
                                                                        
                                                                        
────────────────────────────────────────────────────────────────────────
❯ Message...                                                            
────────────────────────────────────────────────────────────────────────
 golden                                                    gpt-x / high 
 /work/jin                                              ↑0  ↓0  ◫ 0  $— 

-- foreground --
oooooooooooooooooooooooooooooooooooooooooooooooooooooooooooooooooooooooo
oooooooooooooooooooooooooooooooooooooooooooooooooooooooooooooooooooooooo
ooiiiiiiiiiiiiiiiiiiiiiiiiiiiiiiiioooooooooooooooooooooooooooooooooooooo
oooooooooooooooooooooooooooooooooooooooooooooooooooooooooooooooooooooooo
ooGGGGiiiiiiiiiiiiiiidddddddoooooooooooooooooooooooooooooooooooooooooooo
ooPPPPiiiiiiiiiiiioooooooooooooooooooooooooooooooooooooooooooooooooooooo
oooooooooooooooooooooooooooooooooooooooooooooooooooooooooooooooooooooooo
........................................................................
oooooooooooooooooooooooooooooooooooooooooooooooooooooooooooooooooooooooo
oottttttttttttAAAAAAAttttttttttTTTTTTTtooooooooooooooooooooooooooooooooo
ootttttttttttttooooooooooooooooooooooooooooooooooooooooooooooooooooooooo
ootttBBBBiiiiiiiiiiiiiiiiioooooooooooooooooooooooooooooooooooooooooooooo
oooooooooooooooooooooooooooooooooooooooooooooooooooooooooooooooooooooooo
oobbBBBBooobbbBBBBBBbboooooooooooooooooooooooooooooooooooooooooooooooooo
oobbbbbbbbbbbbbbbbbbbboooooooooooooooooooooooooooooooooooooooooooooooooo
oobbtttttttbbbttttoobboooooooooooooooooooooooooooooooooooooooooooooooooo
oooooooooooooooooooooooooooooooooooooooooooooooooooooooooooooooooooooooo
ooiiiiiiiiiiiiiiiiiiiiiiiiiooooooooooooooooooooooooooooooooooooooooooooo
oooooooooooooooooooooooooooooooooooooooooooooooooooooooooooooooooooooooo
oooooooooooooooooooooooooooooooooooooooooooooooooooooooooooooooooooooooo
oooooooooooooooooooooooooooooooooooooooooooooooooooooooooooooooooooooooo
oooooooooooooooooooooooooooooooooooooooooooooooooooooooooooooooooooooooo
oooooooooooooooooooooooooooooooooooooooooooooooooooooooooooooooooooooooo
bbbbbbbbbbbbbbbbbbbbbbbbbbbbbbbbbbbbbbbbbbbbbbbbbbbbbbbbbbbbbbbbbbbbbbbb
BBiiiiiiiiiioooooooooooooooooooooooooooooooooooooooooooooooooooooooooooo
bbbbbbbbbbbbbbbbbbbbbbbbbbbbbbbbbbbbbbbbbbbbbbbbbbbbbbbbbbbbbbbbbbbbbbbb
oWWWWWWooooooooooooooooooooooooooooooooooooooooooooooooooooWWWWWWWWWWWWo
oooooooooooooooooooooooooooooooooooooooooooooooooooooooooooooooooooooooo

-- background --
rrrrrrrrrrrrrrrrrrrrrrrrrrrrrrrrrrrrrrrrrrrrrrrrrrrrrrrrrrrrrrrrrrrrrrrr
........................................................................
........................................................................
........................................................................
????????????????????????????????????????????????????????????????????????
????????????????????????????????????????????????????????????????????????
........................................................................
TTTTTTTTTTTTTTTTTTTTTTTTTTTTTTTTTTTTTTTTTTTTTTTTTTTTTTTTTTTTTTTTTTTTTTTT
........................................................................
...............................rrrrrrr..................................
........................................................................
........................................................................
........................................................................
........................................................................
........................................................................
........................................................................
........................................................................
........................................................................
........................................................................
........................................................................
........................................................................
........................................................................
........................................................................
........................................................................
........................................................................
........................................................................
SSSSSSSSSSSSSSSSSSSSSSSSSSSSSSSSSSSSSSSSSSSSSSSSSSSSSSSSSSSSSSSSSSSSSSSS
SSSSSSSSSSSSSSSSSSSSSSSSSSSSSSSSSSSSSSSSSSSSSSSSSSSSSSSSSSSSSSSSSSSSSSSS

-- palette --
. #191724
A #f6c177
B #9ccfd8
G #a6d189
K #ebbcba
P #c4a7e7
R #eb6f92
S #31748f
T #3e8fb0
W #ffffff
b #26233a
d #524f67
i #6e6a86
m #908caa
o #e0def4
r #1f1d2e
t #cfcbe6
